[    0.000000] Linux version 4.9.0-5-amd64 (debian-kernel@lists.debian.org) (gcc version 6.3.0 20170516 (Debian 6.3.0-18) ) #1 SMP Debian 4.9.65-3+deb9u2 (2018-01-04)
[    0.000000] Command line: BOOT_IMAGE=/boot/vmlinuz-4.9.0-5-amd64 root=UUID=c7f9a5a0-87a1-45cb-be32-1e6cde8cf52b ro quiet
[    0.000000] x86/fpu: Supporting XSAVE feature 0x001: 'x87 floating point registers'
[    0.000000] x86/fpu: Supporting XSAVE feature 0x002: 'SSE registers'
[    0.000000] x86/fpu: Supporting XSAVE feature 0x004: 'AVX registers'
[    0.000000] x86/fpu: Supporting XSAVE feature 0x008: 'MPX bounds registers'
[    0.000000] x86/fpu: Supporting XSAVE feature 0x010: 'MPX CSR'
[    0.000000] x86/fpu: xstate_offset[2]:  576, xstate_sizes[2]:  256
[    0.000000] x86/fpu: xstate_offset[3]:  832, xstate_sizes[3]:   64
[    0.000000] x86/fpu: xstate_offset[4]:  896, xstate_sizes[4]:   64
[    0.000000] x86/fpu: Enabled xstate features 0x1f, context size is 960 bytes, using 'compacted' format.
[    0.000000] x86/fpu: Using 'eager' FPU context switches.
[    0.000000] e820: BIOS-provided physical RAM map:
[    0.000000] BIOS-e820: [mem 0x0000000000000000-0x000000000009cfff] usable
[    0.000000] BIOS-e820: [mem 0x000000000009d000-0x000000000009ffff] reserved
[    0.000000] BIOS-e820: [mem 0x00000000000e0000-0x00000000000fffff] reserved
[    0.000000] BIOS-e820: [mem 0x0000000000100000-0x0000000037b51fff] usable
[    0.000000] BIOS-e820: [mem 0x0000000037b52000-0x000000004aa02fff] reserved
[    0.000000] BIOS-e820: [mem 0x000000004aa03000-0x000000004aa03fff] ACPI NVS
[    0.000000] BIOS-e820: [mem 0x000000004aa04000-0x0000000057f29fff] reserved
[    0.000000] BIOS-e820: [mem 0x0000000057f2a000-0x0000000057fbefff] ACPI NVS
[    0.000000] BIOS-e820: [mem 0x0000000057fbf000-0x0000000057ffefff] ACPI data
[    0.000000] BIOS-e820: [mem 0x0000000057fff000-0x00000000580fffff] reserved
[    0.000000] BIOS-e820: [mem 0x0000000058600000-0x0000000059ffffff] reserved
[    0.000000] BIOS-e820: [mem 0x00000000e0000000-0x00000000efffffff] reserved
[    0.000000] BIOS-e820: [mem 0x00000000fd000000-0x00000000fe7fffff] reserved
[    0.000000] BIOS-e820: [mem 0x00000000fec00000-0x00000000fec00fff] reserved
[    0.000000] BIOS-e820: [mem 0x00000000fed00000-0x00000000fed00fff] reserved
[    0.000000] BIOS-e820: [mem 0x00000000fed10000-0x00000000fed19fff] reserved
[    0.000000] BIOS-e820: [mem 0x00000000fed84000-0x00000000fed84fff] reserved
[    0.000000] BIOS-e820: [mem 0x00000000fee00000-0x00000000fee00fff] reserved
[    0.000000] BIOS-e820: [mem 0x00000000ff800000-0x00000000ffffffff] reserved
[    0.000000] BIOS-e820: [mem 0x0000000100000000-0x00000004a3ffffff] usable
[    0.000000] NX (Execute Disable) protection: active
[    0.000000] SMBIOS 2.8 present.
[    0.000000] DMI: LENOVO 20EN0007MD/20EN0007MD, BIOS N1EET69W (1.42 ) 06/28/2017
[    0.000000] e820: update [mem 0x00000000-0x00000fff] usable ==> reserved
[    0.000000] e820: remove [mem 0x000a0000-0x000fffff] usable
[    0.000000] e820: last_pfn = 0x4a4000 max_arch_pfn = 0x400000000
[    0.000000] MTRR default type: write-back
[    0.000000] MTRR fixed ranges enabled:
[    0.000000]   00000-9FFFF write-back
[    0.000000]   A0000-BFFFF uncachable
[    0.000000]   C0000-FFFFF write-protect
[    0.000000] MTRR variable ranges enabled:
[    0.000000]   0 base 0080000000 mask 7F80000000 uncachable
[    0.000000]   1 base 0060000000 mask 7FE0000000 uncachable
[    0.000000]   2 base 005C000000 mask 7FFC000000 uncachable
[    0.000000]   3 base 005A000000 mask 7FFE000000 uncachable
[    0.000000]   4 disabled
[    0.000000]   5 disabled
[    0.000000]   6 disabled
[    0.000000]   7 disabled
[    0.000000]   8 disabled
[    0.000000]   9 disabled
[    0.000000] x86/PAT: Configuration [0-7]: WB  WC  UC- UC  WB  WC  UC- WT  
[    0.000000] e820: last_pfn = 0x37b52 max_arch_pfn = 0x400000000
[    0.000000] Base memory trampoline at [ffff9c31c0097000] 97000 size 24576
[    0.000000] Using GB pages for direct mapping
[    0.000000] BRK [0x161737000, 0x161737fff] PGTABLE
[    0.000000] BRK [0x161738000, 0x161738fff] PGTABLE
[    0.000000] BRK [0x161739000, 0x161739fff] PGTABLE
[    0.000000] BRK [0x16173a000, 0x16173afff] PGTABLE
[    0.000000] BRK [0x16173b000, 0x16173bfff] PGTABLE
[    0.000000] BRK [0x16173c000, 0x16173cfff] PGTABLE
[    0.000000] RAMDISK: [mem 0x35d13000-0x36e80fff]
[    0.000000] ACPI: Early table checksum verification disabled
[    0.000000] ACPI: RSDP 0x00000000000F0120 000024 (v02 LENOVO)
[    0.000000] ACPI: XSDT 0x0000000057FCE188 0000E4 (v01 LENOVO TP-N1E   00000000 PTEC 00000002)
[    0.000000] ACPI: FACP 0x0000000057FF3000 0000F4 (v05 LENOVO TP-N1E   00001420 PTEC 00000002)
[    0.000000] ACPI: DSDT 0x0000000057FDB000 013163 (v02 LENOVO TP-N1E   00001420 INTL 20141107)
[    0.000000] ACPI: FACS 0x0000000057F8A000 000040
[    0.000000] ACPI: TCPA 0x0000000057FFC000 000032 (v02 LENOVO TP-N1E   00000002 PTEC 00000002)
[    0.000000] ACPI: SSDT 0x0000000057FFB000 0003A2 (v02 LENOVO TcgTable 00001000 INTL 20141107)
[    0.000000] ACPI: UEFI 0x0000000057FA1000 000042 (v01 LENOVO TP-N1E   00001420 PTEC 00000002)
[    0.000000] ACPI: SSDT 0x0000000057FF5000 005192 (v02 LENOVO SaSsdt   00003000 INTL 20141107)
[    0.000000] ACPI: SSDT 0x0000000057FF4000 0005C5 (v02 LENOVO PerfTune 00001000 INTL 20141107)
[    0.000000] ACPI: ECDT 0x0000000057FF2000 000052 (v01 LENOVO TP-N1E   00001420 PTEC 00000002)
[    0.000000] ACPI: HPET 0x0000000057FF1000 000038 (v01 LENOVO TP-N1E   00001420 PTEC 00000002)
[    0.000000] ACPI: APIC 0x0000000057FF0000 0000BC (v03 LENOVO TP-N1E   00001420 PTEC 00000002)
[    0.000000] ACPI: MCFG 0x0000000057FEF000 00003C (v01 LENOVO TP-N1E   00001420 PTEC 00000002)
[    0.000000] ACPI: SSDT 0x0000000057FD9000 0016CA (v01 LENOVO SataAhci 00001000 INTL 20141107)
[    0.000000] ACPI: DBGP 0x0000000057FD8000 000034 (v01 LENOVO TP-N1E   00001420 PTEC 00000002)
[    0.000000] ACPI: DBG2 0x0000000057FD7000 000054 (v00 LENOVO TP-N1E   00001420 PTEC 00000002)
[    0.000000] ACPI: BOOT 0x0000000057FD6000 000028 (v01 LENOVO TP-N1E   00001420 PTEC 00000002)
[    0.000000] ACPI: BATB 0x0000000057FD5000 00004A (v02 LENOVO TP-N1E   00001420 PTEC 00000002)
[    0.000000] ACPI: SLIC 0x0000000057FD4000 000176 (v01 LENOVO TP-N1E   00001420 PTEC 00000002)
[    0.000000] ACPI: SSDT 0x0000000057FD3000 000E73 (v02 LENOVO CpuSsdt  00003000 INTL 20141107)
[    0.000000] ACPI: SSDT 0x0000000057FD2000 000403 (v02 LENOVO CtdpB    00001000 INTL 20141107)
[    0.000000] ACPI: MSDM 0x0000000057FD1000 000055 (v03 LENOVO TP-N1E   00001420 PTEC 00000002)
[    0.000000] ACPI: SSDT 0x0000000057FD0000 000FAB (v01 LENOVO NvOptTbl 00001000 INTL 20141107)
[    0.000000] ACPI: DMAR 0x0000000057FCF000 000070 (v01 LENOVO TP-N1E   00001420 PTEC 00000002)
[    0.000000] ACPI: ASF! 0x0000000057FFD000 0000A5 (v32 LENOVO TP-N1E   00001420 PTEC 00000002)
[    0.000000] ACPI: FPDT 0x0000000057FCD000 000044 (v01 LENOVO TP-N1E   00001420 PTEC 00000002)
[    0.000000] ACPI: UEFI 0x0000000057F67000 00013E (v01 LENOVO TP-N1E   00001420 PTEC 00000002)
[    0.000000] ACPI: Local APIC address 0xfee00000
[    0.000000] No NUMA configuration found
[    0.000000] Faking a node at [mem 0x0000000000000000-0x00000004a3ffffff]
[    0.000000] NODE_DATA(0) allocated [mem 0x4a3ffb000-0x4a3ffffff]
[    0.000000] Zone ranges:
[    0.000000]   DMA      [mem 0x0000000000001000-0x0000000000ffffff]
[    0.000000]   DMA32    [mem 0x0000000001000000-0x00000000ffffffff]
[    0.000000]   Normal   [mem 0x0000000100000000-0x00000004a3ffffff]
[    0.000000]   Device   empty
[    0.000000] Movable zone start for each node
[    0.000000] Early memory node ranges
[    0.000000]   node   0: [mem 0x0000000000001000-0x000000000009cfff]
[    0.000000]   node   0: [mem 0x0000000000100000-0x0000000037b51fff]
[    0.000000]   node   0: [mem 0x0000000100000000-0x00000004a3ffffff]
[    0.000000] Initmem setup node 0 [mem 0x0000000000001000-0x00000004a3ffffff]
[    0.000000] On node 0 totalpages: 4045550
[    0.000000]   DMA zone: 64 pages used for memmap
[    0.000000]   DMA zone: 21 pages reserved
[    0.000000]   DMA zone: 3996 pages, LIFO batch:0
[    0.000000]   DMA32 zone: 3502 pages used for memmap
[    0.000000]   DMA32 zone: 224082 pages, LIFO batch:31
[    0.000000]   Normal zone: 59648 pages used for memmap
[    0.000000]   Normal zone: 3817472 pages, LIFO batch:31
[    0.000000] ACPI: PM-Timer IO Port: 0x1808
[    0.000000] ACPI: Local APIC address 0xfee00000
[    0.000000] ACPI: LAPIC_NMI (acpi_id[0x01] high edge lint[0x1])
[    0.000000] ACPI: LAPIC_NMI (acpi_id[0x02] high edge lint[0x1])
[    0.000000] ACPI: LAPIC_NMI (acpi_id[0x03] high edge lint[0x1])
[    0.000000] ACPI: LAPIC_NMI (acpi_id[0x04] high edge lint[0x1])
[    0.000000] ACPI: LAPIC_NMI (acpi_id[0x05] high edge lint[0x1])
[    0.000000] ACPI: LAPIC_NMI (acpi_id[0x06] high edge lint[0x1])
[    0.000000] ACPI: LAPIC_NMI (acpi_id[0x07] high edge lint[0x1])
[    0.000000] ACPI: LAPIC_NMI (acpi_id[0x08] high edge lint[0x1])
[    0.000000] IOAPIC[0]: apic_id 2, version 32, address 0xfec00000, GSI 0-119
[    0.000000] ACPI: INT_SRC_OVR (bus 0 bus_irq 0 global_irq 2 dfl dfl)
[    0.000000] ACPI: INT_SRC_OVR (bus 0 bus_irq 9 global_irq 9 high level)
[    0.000000] ACPI: IRQ0 used by override.
[    0.000000] ACPI: IRQ9 used by override.
[    0.000000] Using ACPI (MADT) for SMP configuration information
[    0.000000] ACPI: HPET id: 0x8086a201 base: 0xfed00000
[    0.000000] smpboot: Allowing 8 CPUs, 0 hotplug CPUs
[    0.000000] PM: Registered nosave memory: [mem 0x00000000-0x00000fff]
[    0.000000] PM: Registered nosave memory: [mem 0x0009d000-0x0009ffff]
[    0.000000] PM: Registered nosave memory: [mem 0x000a0000-0x000dffff]
[    0.000000] PM: Registered nosave memory: [mem 0x000e0000-0x000fffff]
[    0.000000] PM: Registered nosave memory: [mem 0x37b52000-0x4aa02fff]
[    0.000000] PM: Registered nosave memory: [mem 0x4aa03000-0x4aa03fff]
[    0.000000] PM: Registered nosave memory: [mem 0x4aa04000-0x57f29fff]
[    0.000000] PM: Registered nosave memory: [mem 0x57f2a000-0x57fbefff]
[    0.000000] PM: Registered nosave memory: [mem 0x57fbf000-0x57ffefff]
[    0.000000] PM: Registered nosave memory: [mem 0x57fff000-0x580fffff]
[    0.000000] PM: Registered nosave memory: [mem 0x58100000-0x585fffff]
[    0.000000] PM: Registered nosave memory: [mem 0x58600000-0x59ffffff]
[    0.000000] PM: Registered nosave memory: [mem 0x5a000000-0xdfffffff]
[    0.000000] PM: Registered nosave memory: [mem 0xe0000000-0xefffffff]
[    0.000000] PM: Registered nosave memory: [mem 0xf0000000-0xfcffffff]
[    0.000000] PM: Registered nosave memory: [mem 0xfd000000-0xfe7fffff]
[    0.000000] PM: Registered nosave memory: [mem 0xfe800000-0xfebfffff]
[    0.000000] PM: Registered nosave memory: [mem 0xfec00000-0xfec00fff]
[    0.000000] PM: Registered nosave memory: [mem 0xfec01000-0xfecfffff]
[    0.000000] PM: Registered nosave memory: [mem 0xfed00000-0xfed00fff]
[    0.000000] PM: Registered nosave memory: [mem 0xfed01000-0xfed0ffff]
[    0.000000] PM: Registered nosave memory: [mem 0xfed10000-0xfed19fff]
[    0.000000] PM: Registered nosave memory: [mem 0xfed1a000-0xfed83fff]
[    0.000000] PM: Registered nosave memory: [mem 0xfed84000-0xfed84fff]
[    0.000000] PM: Registered nosave memory: [mem 0xfed85000-0xfedfffff]
[    0.000000] PM: Registered nosave memory: [mem 0xfee00000-0xfee00fff]
[    0.000000] PM: Registered nosave memory: [mem 0xfee01000-0xff7fffff]
[    0.000000] PM: Registered nosave memory: [mem 0xff800000-0xffffffff]
[    0.000000] e820: [mem 0x5a000000-0xdfffffff] available for PCI devices
[    0.000000] Booting paravirtualized kernel on bare hardware
[    0.000000] clocksource: refined-jiffies: mask: 0xffffffff max_cycles: 0xffffffff, max_idle_ns: 7645519600211568 ns
[    0.000000] setup_percpu: NR_CPUS:512 nr_cpumask_bits:512 nr_cpu_ids:8 nr_node_ids:1
[    0.000000] percpu: Embedded 35 pages/cpu @ffff9c3663c00000 s105304 r8192 d29864 u262144
[    0.000000] pcpu-alloc: s105304 r8192 d29864 u262144 alloc=1*2097152
[    0.000000] pcpu-alloc: [0] 0 1 2 3 4 5 6 7 
[    0.000000] Built 1 zonelists in Node order, mobility grouping on.  Total pages: 3982315
[    0.000000] Policy zone: Normal
[    0.000000] Kernel command line: BOOT_IMAGE=/boot/vmlinuz-4.9.0-5-amd64 root=UUID=c7f9a5a0-87a1-45cb-be32-1e6cde8cf52b ro quiet
[    0.000000] PID hash table entries: 4096 (order: 3, 32768 bytes)
[    0.000000] Calgary: detecting Calgary via BIOS EBDA area
[    0.000000] Calgary: Unable to locate Rio Grande table in EBDA - bailing!
[    0.000000] Memory: 15827528K/16182200K available (6196K kernel code, 1159K rwdata, 2848K rodata, 1408K init, 688K bss, 354672K reserved, 0K cma-reserved)
[    0.000000] Kernel/User page tables isolation: enabled
[    0.000000] Hierarchical RCU implementation.
[    0.000000] 	Build-time adjustment of leaf fanout to 64.
[    0.000000] 	RCU restricting CPUs from NR_CPUS=512 to nr_cpu_ids=8.
[    0.000000] RCU: Adjusting geometry for rcu_fanout_leaf=64, nr_cpu_ids=8
[    0.000000] NR_IRQS:33024 nr_irqs:2048 16
[    0.000000] Console: colour VGA+ 80x25
[    0.000000] console [tty0] enabled
[    0.000000] clocksource: hpet: mask: 0xffffffff max_cycles: 0xffffffff, max_idle_ns: 79635855245 ns
[    0.000000] hpet clockevent registered
[    0.000000] tsc: Detected 2700.000 MHz processor
[    0.000021] Calibrating delay loop (skipped), value calculated using timer frequency.. 5424.00 BogoMIPS (lpj=10848000)
[    0.000023] pid_max: default: 32768 minimum: 301
[    0.000036] ACPI: Core revision 20160831
[    0.031347] ACPI: 8 ACPI AML tables successfully acquired and loaded
[    0.031387] Security Framework initialized
[    0.031388] Yama: disabled by default; enable with sysctl kernel.yama.*
[    0.031392] AppArmor: AppArmor disabled by boot time parameter
[    0.032089] Dentry cache hash table entries: 2097152 (order: 12, 16777216 bytes)
[    0.034544] Inode-cache hash table entries: 1048576 (order: 11, 8388608 bytes)
[    0.035615] Mount-cache hash table entries: 32768 (order: 6, 262144 bytes)
[    0.035626] Mountpoint-cache hash table entries: 32768 (order: 6, 262144 bytes)
[    0.035848] CPU: Physical Processor ID: 0
[    0.035849] CPU: Processor Core ID: 0
[    0.035852] ENERGY_PERF_BIAS: Set to 'normal', was 'performance'
[    0.035852] ENERGY_PERF_BIAS: View and update with x86_energy_perf_policy(8)
[    0.035856] mce: CPU supports 10 MCE banks
[    0.035865] CPU0: Thermal monitoring enabled (TM1)
[    0.035882] process: using mwait in idle threads
[    0.035884] Last level iTLB entries: 4KB 64, 2MB 8, 4MB 8
[    0.035885] Last level dTLB entries: 4KB 64, 2MB 0, 4MB 0, 1GB 4
[    0.036625] Freeing SMP alternatives memory: 24K
[    1.051246] ftrace: allocating 25212 entries in 99 pages
[    1.060018] smpboot: Max logical packages: 2
[    1.060024] DMAR: Host address width 39
[    1.060025] DMAR: DRHD base: 0x000000fed90000 flags: 0x1
[    1.060029] DMAR: dmar0: reg_base_addr fed90000 ver 1:0 cap d2008c40660462 ecap f050da
[    1.060030] DMAR: RMRR base: 0x0000005749f000 end: 0x000000574befff
[    1.060031] DMAR-IR: IOAPIC id 2 under DRHD base  0xfed90000 IOMMU 0
[    1.060032] DMAR-IR: HPET id 0 under DRHD base 0xfed90000
[    1.060033] DMAR-IR: x2apic is disabled because BIOS sets x2apic opt out bit.
[    1.060033] DMAR-IR: Use 'intremap=no_x2apic_optout' to override the BIOS setting.
[    1.061312] DMAR-IR: Enabled IRQ remapping in xapic mode
[    1.061313] x2apic: IRQ remapping doesn't support X2APIC mode
[    1.065225] ..TIMER: vector=0x30 apic1=0 pin1=2 apic2=-1 pin2=-1
[    1.104916] TSC deadline timer enabled
[    1.104921] smpboot: CPU0: Intel(R) Core(TM) i7-6820HQ CPU @ 2.70GHz (family: 0x6, model: 0x5e, stepping: 0x3)
[    1.104924] Performance Events: PEBS fmt3+, Skylake events, 32-deep LBR, full-width counters, Intel PMU driver.
[    1.104949] ... version:                4
[    1.104949] ... bit width:              48
[    1.104950] ... generic registers:      4
[    1.104950] ... value mask:             0000ffffffffffff
[    1.104951] ... max period:             00007fffffffffff
[    1.104951] ... fixed-purpose events:   3
[    1.104952] ... event mask:             000000070000000f
[    1.105450] NMI watchdog: enabled on all CPUs, permanently consumes one hw-PMU counter.
[    1.105521] x86: Booting SMP configuration:
[    1.105522] .... node  #0, CPUs:      #1 #2 #3 #4 #5 #6 #7
[    1.124089] x86: Booted up 1 node, 8 CPUs
[    1.124090] smpboot: Total of 8 processors activated (43392.00 BogoMIPS)
[    1.132266] devtmpfs: initialized
[    1.132316] x86/mm: Memory block size: 128MB
[    1.135554] PM: Registering ACPI NVS region [mem 0x4aa03000-0x4aa03fff] (4096 bytes)
[    1.135554] PM: Registering ACPI NVS region [mem 0x57f2a000-0x57fbefff] (610304 bytes)
[    1.135607] clocksource: jiffies: mask: 0xffffffff max_cycles: 0xffffffff, max_idle_ns: 7645041785100000 ns
[    1.135617] futex hash table entries: 2048 (order: 5, 131072 bytes)
[    1.135662] pinctrl core: initialized pinctrl subsystem
[    1.135748] NET: Registered protocol family 16
[    1.147929] cpuidle: using governor ladder
[    1.163939] cpuidle: using governor menu
[    1.163998] Simple Boot Flag at 0x47 set to 0x1
[    1.164013] ACPI: bus type PCI registered
[    1.164014] acpiphp: ACPI Hot Plug PCI Controller Driver version: 0.5
[    1.164171] PCI: MMCONFIG for domain 0000 [bus 00-ff] at [mem 0xe0000000-0xefffffff] (base 0xe0000000)
[    1.164172] PCI: MMCONFIG at [mem 0xe0000000-0xefffffff] reserved in E820
[    1.164179] PCI: Using configuration type 1 for base access
[    1.180063] HugeTLB registered 1 GB page size, pre-allocated 0 pages
[    1.180064] HugeTLB registered 2 MB page size, pre-allocated 0 pages
[    1.180257] ACPI: Added _OSI(Module Device)
[    1.180258] ACPI: Added _OSI(Processor Device)
[    1.180259] ACPI: Added _OSI(3.0 _SCP Extensions)
[    1.180259] ACPI: Added _OSI(Processor Aggregator Device)
[    1.180265] ACPI : EC: EC started
[    1.180266] ACPI : EC: interrupt blocked
[    1.181372] ACPI: \: Used as first EC
[    1.181373] ACPI: \: GPE=0x16, EC_CMD/EC_SC=0x66, EC_DATA=0x62
[    1.181373] ACPI: \: Used as boot ECDT EC to handle transactions
[    1.181648] ACPI: Executed 1 blocks of module-level executable AML code
[    1.186583] ACPI: [Firmware Bug]: BIOS _OSI(Linux) query ignored
[    1.193759] ACPI: Dynamic OEM Table Load:
[    1.193800] ACPI: SSDT 0xFFFF9C3651B10000 00066A (v02 PmRef  Cpu0Ist  00003000 INTL 20141107)
[    1.194008] ACPI: \_PR_.CPU0: _OSC native thermal LVT Acked
[    1.194722] ACPI: Dynamic OEM Table Load:
[    1.194729] ACPI: SSDT 0xFFFF9C3651B0B400 0003CF (v02 PmRef  Cpu0Cst  00003001 INTL 20141107)
[    1.195383] ACPI: Dynamic OEM Table Load:
[    1.195389] ACPI: SSDT 0xFFFF9C3651BCD800 0005AA (v02 PmRef  ApIst    00003000 INTL 20141107)
[    1.195844] ACPI: Dynamic OEM Table Load:
[    1.195849] ACPI: SSDT 0xFFFF9C3651B0D600 000119 (v02 PmRef  ApCst    00003000 INTL 20141107)
[    1.198874] ACPI : EC: EC stopped
[    1.198874] ACPI : EC: EC started
[    1.198875] ACPI : EC: interrupt blocked
[    1.199006] ACPI: \_SB_.PCI0.LPC_.EC__: Used as first EC
[    1.199007] ACPI: \_SB_.PCI0.LPC_.EC__: GPE=0x16, EC_CMD/EC_SC=0x66, EC_DATA=0x62
[    1.199008] ACPI: \_SB_.PCI0.LPC_.EC__: Used as boot DSDT EC to handle transactions
[    1.199009] ACPI: Interpreter enabled
[    1.199051] ACPI: (supports S0 S3 S4 S5)
[    1.199052] ACPI: Using IOAPIC for interrupt routing
[    1.199075] PCI: Using host bridge windows from ACPI; if necessary, use "pci=nocrs" and report a bug
[    1.201611] ACPI: Power Resource [PUBS] (on)
[    1.202553] ACPI: Power Resource [PG00] (on)
[    1.202816] ACPI: Power Resource [PG01] (on)
[    1.202910] ACPI: Power Resource [PG02] (on)
[    1.207958] ACPI: PCI Interrupt Link [LNKA] (IRQs 3 4 5 6 7 9 10 *11)
[    1.208024] ACPI: PCI Interrupt Link [LNKB] (IRQs 3 4 5 6 7 9 *10 11)
[    1.208088] ACPI: PCI Interrupt Link [LNKC] (IRQs 3 4 5 6 7 9 10 *11)
[    1.208150] ACPI: PCI Interrupt Link [LNKD] (IRQs 3 4 5 6 7 9 10 *11)
[    1.208213] ACPI: PCI Interrupt Link [LNKE] (IRQs 3 4 5 6 7 9 10 *11)
[    1.208276] ACPI: PCI Interrupt Link [LNKF] (IRQs 3 4 5 6 7 9 10 *11)
[    1.208333] ACPI: PCI Interrupt Link [LNKG] (IRQs 3 4 5 6 7 9 10 11) *0, disabled.
[    1.208397] ACPI: PCI Interrupt Link [LNKH] (IRQs 3 4 5 6 7 9 10 *11)
[    1.208466] ACPI: PCI Root Bridge [PCI0] (domain 0000 [bus 00-5f])
[    1.208469] acpi PNP0A08:00: _OSC: OS supports [ExtendedConfig ASPM ClockPM Segments MSI]
[    1.208545] acpi PNP0A08:00: _OSC: platform does not support [PCIeHotplug PME]
[    1.208613] acpi PNP0A08:00: _OSC: OS now controls [AER PCIeCapability]
[    1.209266] PCI host bridge to bus 0000:00
[    1.209268] pci_bus 0000:00: root bus resource [io  0x0000-0x0cf7 window]
[    1.209269] pci_bus 0000:00: root bus resource [io  0x0d00-0xffff window]
[    1.209270] pci_bus 0000:00: root bus resource [mem 0x000a0000-0x000bffff window]
[    1.209271] pci_bus 0000:00: root bus resource [mem 0x5a000000-0xfebfffff window]
[    1.209272] pci_bus 0000:00: root bus resource [bus 00-5f]
[    1.209278] pci 0000:00:00.0: [8086:1910] type 00 class 0x060000
[    1.209598] pci 0000:00:01.0: [8086:1901] type 01 class 0x060400
[    1.209632] pci 0000:00:01.0: PME# supported from D0 D3hot D3cold
[    1.210045] pci 0000:00:14.0: [8086:a12f] type 00 class 0x0c0330
[    1.210061] pci 0000:00:14.0: reg 0x10: [mem 0xb4720000-0xb472ffff 64bit]
[    1.210121] pci 0000:00:14.0: PME# supported from D3hot D3cold
[    1.210395] pci 0000:00:14.0: System wakeup disabled by ACPI
[    1.210428] pci 0000:00:14.2: [8086:a131] type 00 class 0x118000
[    1.210443] pci 0000:00:14.2: reg 0x10: [mem 0xb474a000-0xb474afff 64bit]
[    1.210808] pci 0000:00:16.0: [8086:a13a] type 00 class 0x078000
[    1.210827] pci 0000:00:16.0: reg 0x10: [mem 0xb474b000-0xb474bfff 64bit]
[    1.210894] pci 0000:00:16.0: PME# supported from D3hot
[    1.211198] pci 0000:00:16.3: [8086:a13d] type 00 class 0x070002
[    1.211209] pci 0000:00:16.3: reg 0x10: [io  0x5040-0x5047]
[    1.211216] pci 0000:00:16.3: reg 0x14: [mem 0xb474f000-0xb474ffff]
[    1.211571] pci 0000:00:17.0: [8086:a102] type 00 class 0x010601
[    1.211583] pci 0000:00:17.0: reg 0x10: [mem 0xb4748000-0xb4749fff]
[    1.211589] pci 0000:00:17.0: reg 0x14: [mem 0xb474e000-0xb474e0ff]
[    1.211595] pci 0000:00:17.0: reg 0x18: [io  0x5048-0x504f]
[    1.211601] pci 0000:00:17.0: reg 0x1c: [io  0x5050-0x5053]
[    1.211608] pci 0000:00:17.0: reg 0x20: [io  0x5020-0x503f]
[    1.211614] pci 0000:00:17.0: reg 0x24: [mem 0xb474c000-0xb474c7ff]
[    1.211649] pci 0000:00:17.0: PME# supported from D3hot
[    1.212012] pci 0000:00:1c.0: [8086:a110] type 01 class 0x060400
[    1.212074] pci 0000:00:1c.0: PME# supported from D0 D3hot D3cold
[    1.212417] pci 0000:00:1c.2: [8086:a112] type 01 class 0x060400
[    1.212478] pci 0000:00:1c.2: PME# supported from D0 D3hot D3cold
[    1.212817] pci 0000:00:1c.4: [8086:a114] type 01 class 0x060400
[    1.212876] pci 0000:00:1c.4: PME# supported from D0 D3hot D3cold
[    1.213221] pci 0000:00:1d.0: [8086:a11c] type 01 class 0x060400
[    1.213275] pci 0000:00:1d.0: PME# supported from D0 D3hot D3cold
[    1.213634] pci 0000:00:1f.0: [8086:a150] type 00 class 0x060100
[    1.214074] pci 0000:00:1f.2: [8086:a121] type 00 class 0x058000
[    1.214084] pci 0000:00:1f.2: reg 0x10: [mem 0xb4744000-0xb4747fff]
[    1.214478] pci 0000:00:1f.3: [8086:a170] type 00 class 0x040300
[    1.214499] pci 0000:00:1f.3: reg 0x10: [mem 0xb4740000-0xb4743fff 64bit]
[    1.214529] pci 0000:00:1f.3: reg 0x20: [mem 0xb4730000-0xb473ffff 64bit]
[    1.214576] pci 0000:00:1f.3: PME# supported from D3hot D3cold
[    1.214883] pci 0000:00:1f.4: [8086:a123] type 00 class 0x0c0500
[    1.214929] pci 0000:00:1f.4: reg 0x10: [mem 0xb474d000-0xb474d0ff 64bit]
[    1.214998] pci 0000:00:1f.4: reg 0x20: [io  0xefa0-0xefbf]
[    1.215420] pci 0000:00:1f.6: [8086:15b7] type 00 class 0x020000
[    1.215440] pci 0000:00:1f.6: reg 0x10: [mem 0xb4700000-0xb471ffff]
[    1.215544] pci 0000:00:1f.6: PME# supported from D0 D3hot D3cold
[    1.215865] pci 0000:00:1f.6: System wakeup disabled by ACPI
[    1.215929] pci 0000:01:00.0: [10de:13b0] type 00 class 0x030000
[    1.215939] pci 0000:01:00.0: reg 0x10: [mem 0xb2000000-0xb2ffffff]
[    1.215949] pci 0000:01:00.0: reg 0x14: [mem 0xa0000000-0xafffffff 64bit pref]
[    1.215960] pci 0000:01:00.0: reg 0x1c: [mem 0xb0000000-0xb1ffffff 64bit pref]
[    1.215966] pci 0000:01:00.0: reg 0x24: [io  0x4000-0x407f]
[    1.215973] pci 0000:01:00.0: reg 0x30: [mem 0xfff80000-0xffffffff pref]
[    1.216127] pci 0000:01:00.1: [10de:0fbc] type 00 class 0x040300
[    1.216136] pci 0000:01:00.1: reg 0x10: [mem 0xb3000000-0xb3003fff]
[    1.228005] pci 0000:00:01.0: PCI bridge to [bus 01]
[    1.228007] pci 0000:00:01.0:   bridge window [io  0x4000-0x4fff]
[    1.228009] pci 0000:00:01.0:   bridge window [mem 0xb2000000-0xb30fffff]
[    1.228011] pci 0000:00:01.0:   bridge window [mem 0xa0000000-0xb1ffffff 64bit pref]
[    1.228056] pci 0000:00:1c.0: PCI bridge to [bus 02]
[    1.228058] pci 0000:00:1c.0:   bridge window [io  0x3000-0x3fff]
[    1.228060] pci 0000:00:1c.0:   bridge window [mem 0xb3d00000-0xb46fffff]
[    1.228064] pci 0000:00:1c.0:   bridge window [mem 0xb3100000-0xb3afffff 64bit pref]
[    1.228381] pci 0000:04:00.0: [8086:24f3] type 00 class 0x028000
[    1.228416] pci 0000:04:00.0: reg 0x10: [mem 0xb3c00000-0xb3c01fff 64bit]
[    1.228636] pci 0000:04:00.0: PME# supported from D0 D3hot D3cold
[    1.228746] pci 0000:04:00.0: System wakeup disabled by ACPI
[    1.240529] pci 0000:00:1c.2: PCI bridge to [bus 04]
[    1.240532] pci 0000:00:1c.2:   bridge window [mem 0xb3c00000-0xb3cfffff]
[    1.240584] pci 0000:00:1c.4: PCI bridge to [bus 05-3d]
[    1.240587] pci 0000:00:1c.4:   bridge window [mem 0x84000000-0x9a0fffff]
[    1.240591] pci 0000:00:1c.4:   bridge window [mem 0x60000000-0x81ffffff 64bit pref]
[    1.240646] pci 0000:3e:00.0: [10ec:525a] type 00 class 0xff0000
[    1.240672] pci 0000:3e:00.0: reg 0x14: [mem 0xb3b00000-0xb3b00fff]
[    1.240777] pci 0000:3e:00.0: supports D1 D2
[    1.240778] pci 0000:3e:00.0: PME# supported from D1 D2 D3hot D3cold
[    1.240824] pci 0000:3e:00.0: System wakeup disabled by ACPI
[    1.252024] pci 0000:00:1d.0: PCI bridge to [bus 3e]
[    1.252027] pci 0000:00:1d.0:   bridge window [mem 0xb3b00000-0xb3bfffff]
[    1.253075] ACPI: Enabled 5 GPEs in block 00 to 7F
[    1.253133] ACPI : EC: interrupt unblocked
[    1.253145] ACPI : EC: event unblocked
[    1.253155] ACPI: \_SB_.PCI0.LPC_.EC__: GPE=0x16, EC_CMD/EC_SC=0x66, EC_DATA=0x62
[    1.253156] ACPI: \_SB_.PCI0.LPC_.EC__: Used as boot DSDT EC to handle transactions and events
[    1.253329] vgaarb: setting as boot device: PCI:0000:01:00.0
[    1.253330] vgaarb: device added: PCI:0000:01:00.0,decodes=io+mem,owns=io+mem,locks=none
[    1.253331] vgaarb: loaded
[    1.253331] vgaarb: bridge control possible 0000:01:00.0
[    1.253376] PCI: Using ACPI for IRQ routing
[    1.276438] PCI: pci_cache_line_size set to 64 bytes
[    1.277007] e820: reserve RAM buffer [mem 0x0009d000-0x0009ffff]
[    1.277008] e820: reserve RAM buffer [mem 0x37b52000-0x37ffffff]
[    1.277148] hpet0: at MMIO 0xfed00000, IRQs 2, 8, 0, 0, 0, 0, 0, 0
[    1.277151] hpet0: 8 comparators, 64-bit 24.000000 MHz counter
[    1.279193] clocksource: Switched to clocksource hpet
[    1.284213] VFS: Disk quotas dquot_6.6.0
[    1.284231] VFS: Dquot-cache hash table entries: 512 (order 0, 4096 bytes)
[    1.284289] pnp: PnP ACPI init
[    1.284597] system 00:00: [mem 0x00000000-0x0009ffff] could not be reserved
[    1.284598] system 00:00: [mem 0x000c0000-0x000c3fff] could not be reserved
[    1.284599] system 00:00: [mem 0x000c4000-0x000c7fff] could not be reserved
[    1.284600] system 00:00: [mem 0x000c8000-0x000cbfff] could not be reserved
[    1.284601] system 00:00: [mem 0x000cc000-0x000cffff] could not be reserved
[    1.284602] system 00:00: [mem 0x000d0000-0x000d3fff] has been reserved
[    1.284603] system 00:00: [mem 0x000d4000-0x000d7fff] has been reserved
[    1.284605] system 00:00: [mem 0x000d8000-0x000dbfff] has been reserved
[    1.284606] system 00:00: [mem 0x000dc000-0x000dffff] has been reserved
[    1.284607] system 00:00: [mem 0x000e0000-0x000e3fff] could not be reserved
[    1.284608] system 00:00: [mem 0x000e4000-0x000e7fff] could not be reserved
[    1.284609] system 00:00: [mem 0x000e8000-0x000ebfff] could not be reserved
[    1.284610] system 00:00: [mem 0x000ec000-0x000effff] could not be reserved
[    1.284611] system 00:00: [mem 0x000f0000-0x000fffff] could not be reserved
[    1.284612] system 00:00: [mem 0x00100000-0x59ffffff] could not be reserved
[    1.284613] system 00:00: [mem 0xfec00000-0xfed3ffff] could not be reserved
[    1.284614] system 00:00: [mem 0xfed4c000-0xffffffff] could not be reserved
[    1.284616] system 00:00: Plug and Play ACPI device, IDs PNP0c01 (active)
[    1.284668] system 00:01: [io  0x1800-0x189f] has been reserved
[    1.284669] system 00:01: [io  0x0800-0x087f] has been reserved
[    1.284670] system 00:01: [io  0x0880-0x08ff] has been reserved
[    1.284671] system 00:01: [io  0x0900-0x097f] has been reserved
[    1.284672] system 00:01: [io  0x0980-0x09ff] has been reserved
[    1.284673] system 00:01: [io  0x0a00-0x0a7f] has been reserved
[    1.284674] system 00:01: [io  0x0a80-0x0aff] has been reserved
[    1.284675] system 00:01: [io  0x0b00-0x0b7f] has been reserved
[    1.284676] system 00:01: [io  0x0b80-0x0bff] has been reserved
[    1.284677] system 00:01: [io  0x15e0-0x15ef] has been reserved
[    1.284678] system 00:01: [io  0x1600-0x167f] has been reserved
[    1.284679] system 00:01: [io  0x1640-0x165f] has been reserved
[    1.284681] system 00:01: [mem 0xe0000000-0xefffffff] has been reserved
[    1.284682] system 00:01: [mem 0xfed10000-0xfed13fff] has been reserved
[    1.284683] system 00:01: [mem 0xfed18000-0xfed18fff] has been reserved
[    1.284684] system 00:01: [mem 0xfed19000-0xfed19fff] has been reserved
[    1.284686] system 00:01: [mem 0xfeb00000-0xfebfffff] has been reserved
[    1.284687] system 00:01: Plug and Play ACPI device, IDs PNP0c02 (active)
[    1.284748] pnp 00:02: Plug and Play ACPI device, IDs PNP0b00 (active)
[    1.284766] pnp 00:03: Plug and Play ACPI device, IDs LEN0071 PNP0303 (active)
[    1.284782] pnp 00:04: Plug and Play ACPI device, IDs LEN005b PNP0f13 (active)
[    1.285251] pnp 00:05: Plug and Play ACPI device, IDs PNP0c31 (active)
[    1.285286] pnp: PnP ACPI: found 6 devices
[    1.292035] clocksource: acpi_pm: mask: 0xffffff max_cycles: 0xffffff, max_idle_ns: 2085701024 ns
[    1.292038] pci 0000:01:00.0: can't claim BAR 6 [mem 0xfff80000-0xffffffff pref]: no compatible bridge window
[    1.292058] pci 0000:00:1c.4: bridge window [io  0x1000-0x0fff] to [bus 05-3d] add_size 1000
[    1.292066] pci 0000:00:1c.4: res[13]=[io  0x1000-0x0fff] res_to_dev_res add_size 1000 min_align 1000
[    1.292067] pci 0000:00:1c.4: res[13]=[io  0x1000-0x1fff] res_to_dev_res add_size 1000 min_align 1000
[    1.292069] pci 0000:00:1c.4: BAR 13: assigned [io  0x2000-0x2fff]
[    1.292071] pci 0000:01:00.0: BAR 6: assigned [mem 0xb3080000-0xb30fffff pref]
[    1.292072] pci 0000:00:01.0: PCI bridge to [bus 01]
[    1.292074] pci 0000:00:01.0:   bridge window [io  0x4000-0x4fff]
[    1.292076] pci 0000:00:01.0:   bridge window [mem 0xb2000000-0xb30fffff]
[    1.292077] pci 0000:00:01.0:   bridge window [mem 0xa0000000-0xb1ffffff 64bit pref]
[    1.292080] pci 0000:00:1c.0: PCI bridge to [bus 02]
[    1.292082] pci 0000:00:1c.0:   bridge window [io  0x3000-0x3fff]
[    1.292084] pci 0000:00:1c.0:   bridge window [mem 0xb3d00000-0xb46fffff]
[    1.292087] pci 0000:00:1c.0:   bridge window [mem 0xb3100000-0xb3afffff 64bit pref]
[    1.292090] pci 0000:00:1c.2: PCI bridge to [bus 04]
[    1.292093] pci 0000:00:1c.2:   bridge window [mem 0xb3c00000-0xb3cfffff]
[    1.292098] pci 0000:00:1c.4: PCI bridge to [bus 05-3d]
[    1.292100] pci 0000:00:1c.4:   bridge window [io  0x2000-0x2fff]
[    1.292103] pci 0000:00:1c.4:   bridge window [mem 0x84000000-0x9a0fffff]
[    1.292105] pci 0000:00:1c.4:   bridge window [mem 0x60000000-0x81ffffff 64bit pref]
[    1.292109] pci 0000:00:1d.0: PCI bridge to [bus 3e]
[    1.292111] pci 0000:00:1d.0:   bridge window [mem 0xb3b00000-0xb3bfffff]
[    1.292117] pci_bus 0000:00: resource 4 [io  0x0000-0x0cf7 window]
[    1.292118] pci_bus 0000:00: resource 5 [io  0x0d00-0xffff window]
[    1.292118] pci_bus 0000:00: resource 6 [mem 0x000a0000-0x000bffff window]
[    1.292119] pci_bus 0000:00: resource 7 [mem 0x5a000000-0xfebfffff window]
[    1.292120] pci_bus 0000:01: resource 0 [io  0x4000-0x4fff]
[    1.292121] pci_bus 0000:01: resource 1 [mem 0xb2000000-0xb30fffff]
[    1.292122] pci_bus 0000:01: resource 2 [mem 0xa0000000-0xb1ffffff 64bit pref]
[    1.292123] pci_bus 0000:02: resource 0 [io  0x3000-0x3fff]
[    1.292123] pci_bus 0000:02: resource 1 [mem 0xb3d00000-0xb46fffff]
[    1.292124] pci_bus 0000:02: resource 2 [mem 0xb3100000-0xb3afffff 64bit pref]
[    1.292125] pci_bus 0000:04: resource 1 [mem 0xb3c00000-0xb3cfffff]
[    1.292126] pci_bus 0000:05: resource 0 [io  0x2000-0x2fff]
[    1.292126] pci_bus 0000:05: resource 1 [mem 0x84000000-0x9a0fffff]
[    1.292127] pci_bus 0000:05: resource 2 [mem 0x60000000-0x81ffffff 64bit pref]
[    1.292128] pci_bus 0000:3e: resource 1 [mem 0xb3b00000-0xb3bfffff]
[    1.292238] NET: Registered protocol family 2
[    1.292392] TCP established hash table entries: 131072 (order: 8, 1048576 bytes)
[    1.292541] TCP bind hash table entries: 65536 (order: 8, 1048576 bytes)
[    1.292624] TCP: Hash tables configured (established 131072 bind 65536)
[    1.292642] UDP hash table entries: 8192 (order: 6, 262144 bytes)
[    1.292675] UDP-Lite hash table entries: 8192 (order: 6, 262144 bytes)
[    1.292734] NET: Registered protocol family 1
[    1.292924] pci 0000:01:00.0: Video device with shadowed ROM at [mem 0x000c0000-0x000dffff]
[    1.293195] PCI: CLS 0 bytes, default 64
[    1.293224] Unpacking initramfs...
[    1.572507] Freeing initrd memory: 17848K
[    1.572551] PCI-DMA: Using software bounce buffering for IO (SWIOTLB)
[    1.572553] software IO TLB [mem 0x31d13000-0x35d13000] (64MB) mapped at [ffff9c31f1d13000-ffff9c31f5d12fff]
[    1.572867] audit: initializing netlink subsys (disabled)
[    1.572880] audit: type=2000 audit(1516087247.552:1): initialized
[    1.573283] workingset: timestamp_bits=40 max_order=22 bucket_order=0
[    1.573396] zbud: loaded
[    1.574259] Block layer SCSI generic (bsg) driver version 0.4 loaded (major 250)
[    1.574301] io scheduler noop registered
[    1.574301] io scheduler deadline registered
[    1.574317] io scheduler cfq registered (default)
[    1.575001] aer 0000:00:1c.0:pcie002: service driver aer loaded
[    1.575017] aer 0000:00:1c.2:pcie002: service driver aer loaded
[    1.575032] aer 0000:00:1c.4:pcie002: service driver aer loaded
[    1.575046] aer 0000:00:1d.0:pcie002: service driver aer loaded
[    1.575056] pci_hotplug: PCI Hot Plug PCI Core version: 0.5
[    1.575059] pciehp: PCI Express Hot Plug Controller Driver version: 0.4
[    1.575070] intel_idle: MWAIT substates: 0x11142120
[    1.575070] intel_idle: v0.4.1 model 0x5E
[    1.575438] intel_idle: lapic_timer_reliable_states 0xffffffff
[    1.575761] GHES: HEST is not enabled!
[    1.575809] Serial: 8250/16550 driver, 4 ports, IRQ sharing enabled
[    1.596774] serial8250: ttyS0 at I/O 0x3f8 (irq = 4, base_baud = 115200) is a 16550A
[    1.617665] 0000:00:16.3: ttyS1 at I/O 0x5040 (irq = 19, base_baud = 115200) is a 16550A
[    1.617876] Linux agpgart interface v0.103
[    1.663294] tpm_tis 00:05: 1.2 TPM (device-id 0x1B, rev-id 16)
[    2.047525] AMD IOMMUv2 driver by Joerg Roedel <jroedel@suse.de>
[    2.047525] AMD IOMMUv2 functionality not available on this system
[    2.048128] i8042: PNP: PS/2 Controller [PNP0303:KBD,PNP0f13:MOU] at 0x60,0x64 irq 1,12
[    2.050048] serio: i8042 KBD port at 0x60,0x64 irq 1
[    2.050051] serio: i8042 AUX port at 0x60,0x64 irq 12
[    2.050236] mousedev: PS/2 mouse device common for all mice
[    2.050273] rtc_cmos 00:02: RTC can wake from S4
[    2.050855] rtc_cmos 00:02: rtc core: registered rtc_cmos as rtc0
[    2.050959] rtc_cmos 00:02: alarms up to one month, y3k, 114 bytes nvram, hpet irqs
[    2.050964] intel_pstate: Intel P-state driver initializing
[    2.051840] input: AT Translated Set 2 keyboard as /devices/platform/i8042/serio0/input/input0
[    2.051978] intel_pstate: HWP enabled
[    2.052538] ledtrig-cpu: registered to indicate activity on CPUs
[    2.053104] NET: Registered protocol family 10
[    2.053414] mip6: Mobile IPv6
[    2.053415] NET: Registered protocol family 17
[    2.053417] mpls_gso: MPLS GSO support
[    2.053748] microcode: sig=0x506e3, pf=0x20, revision=0xba
[    2.054044] microcode: Microcode Update Driver: v2.01 <tigran@aivazian.fsnet.co.uk>, Peter Oruba
[    2.054311] registered taskstats version 1
[    2.054327] zswap: loaded using pool lzo/zbud
[    2.583450] tsc: Refined TSC clocksource calibration: 2711.999 MHz
[    2.583463] clocksource: tsc: mask: 0xffffffffffffffff max_cycles: 0x271785701be, max_idle_ns: 440795203568 ns
[    2.677560] rtc_cmos 00:02: setting system clock to 2018-01-16 07:20:50 UTC (1516087250)
[    2.677681] PM: Hibernation image not present or could not be loaded.
[    2.680105] Freeing unused kernel memory: 1408K
[    2.680106] Write protecting the kernel read-only data: 12288k
[    2.681025] Freeing unused kernel memory: 1980K
[    2.682767] Freeing unused kernel memory: 1248K
[    2.685945] x86/mm: Checked W+X mappings: passed, no W+X pages found.
[    2.700063] random: systemd-udevd: uninitialized urandom read (16 bytes read)
[    2.700133] random: systemd-udevd: uninitialized urandom read (16 bytes read)
[    2.700141] random: systemd-udevd: uninitialized urandom read (16 bytes read)
[    2.700152] random: systemd-udevd: uninitialized urandom read (16 bytes read)
[    2.701008] random: udevadm: uninitialized urandom read (16 bytes read)
[    2.701035] random: udevadm: uninitialized urandom read (16 bytes read)
[    2.702236] random: udevadm: uninitialized urandom read (16 bytes read)
[    2.702287] random: udevadm: uninitialized urandom read (16 bytes read)
[    2.702299] random: udevadm: uninitialized urandom read (16 bytes read)
[    2.702588] random: udevadm: uninitialized urandom read (16 bytes read)
[    2.732039] thermal LNXTHERM:00: registered as thermal_zone0
[    2.732040] ACPI: Thermal Zone [THM0] (36 C)
[    2.732241] ACPI: bus type USB registered
[    2.732256] usbcore: registered new interface driver usbfs
[    2.732262] usbcore: registered new interface driver hub
[    2.732280] usbcore: registered new device driver usb
[    2.732592] SCSI subsystem initialized
[    2.733244] xhci_hcd 0000:00:14.0: xHCI Host Controller
[    2.733247] xhci_hcd 0000:00:14.0: new USB bus registered, assigned bus number 1
[    2.733483] libata version 3.00 loaded.
[    2.733920] rtsx_pci 0000:3e:00.0: rtsx_pci_acquire_irq: pcr->msi_en = 1, pci->irq = 126
[    2.734262] pps_core: LinuxPPS API ver. 1 registered
[    2.734263] pps_core: Software ver. 5.3.6 - Copyright 2005-2007 Rodolfo Giometti <giometti@linux.it>
[    2.734565] xhci_hcd 0000:00:14.0: hcc params 0x200077c1 hci version 0x100 quirks 0x00109810
[    2.734567] PTP clock support registered
[    2.734573] xhci_hcd 0000:00:14.0: cache line size of 64 is not supported
[    2.734674] usb usb1: New USB device found, idVendor=1d6b, idProduct=0002
[    2.734675] usb usb1: New USB device strings: Mfr=3, Product=2, SerialNumber=1
[    2.734676] usb usb1: Product: xHCI Host Controller
[    2.734676] usb usb1: Manufacturer: Linux 4.9.0-5-amd64 xhci-hcd
[    2.734677] usb usb1: SerialNumber: 0000:00:14.0
[    2.734796] hub 1-0:1.0: USB hub found
[    2.734834] hub 1-0:1.0: 16 ports detected
[    2.735303] e1000e: Intel(R) PRO/1000 Network Driver - 3.2.6-k
[    2.735304] e1000e: Copyright(c) 1999 - 2015 Intel Corporation.
[    2.736167] xhci_hcd 0000:00:14.0: xHCI Host Controller
[    2.736170] xhci_hcd 0000:00:14.0: new USB bus registered, assigned bus number 2
[    2.736199] usb usb2: New USB device found, idVendor=1d6b, idProduct=0003
[    2.736200] usb usb2: New USB device strings: Mfr=3, Product=2, SerialNumber=1
[    2.736200] usb usb2: Product: xHCI Host Controller
[    2.736201] usb usb2: Manufacturer: Linux 4.9.0-5-amd64 xhci-hcd
[    2.736201] usb usb2: SerialNumber: 0000:00:14.0
[    2.736288] hub 2-0:1.0: USB hub found
[    2.736312] hub 2-0:1.0: 10 ports detected
[    2.736932] usb: port power management may be unreliable
[    2.737431] ahci 0000:00:17.0: version 3.0
[    2.737619] ahci 0000:00:17.0: AHCI 0001.0301 32 slots 3 ports 6 Gbps 0x1 impl SATA mode
[    2.737620] ahci 0000:00:17.0: flags: 64bit ncq sntf pm led clo only pio slum part ems deso sadm sds apst 
[    2.738003] scsi host0: ahci
[    2.738127] scsi host1: ahci
[    2.738239] scsi host2: ahci
[    2.738280] ata1: SATA max UDMA/133 abar m2048@0xb474c000 port 0xb474c100 irq 128
[    2.738281] ata2: DUMMY
[    2.738282] ata3: DUMMY
[    2.738438] i801_smbus 0000:00:1f.4: SPD Write Disable is set
[    2.738493] i801_smbus 0000:00:1f.4: SMBus using PCI interrupt
[    2.738995] AVX2 version of gcm_enc/dec engaged.
[    2.738996] AES CTR mode by8 optimization enabled
[    2.739820] e1000e 0000:00:1f.6: Interrupt Throttling Rate (ints/sec) set to dynamic conservative mode
[    2.835364] e1000e 0000:00:1f.6 0000:00:1f.6 (uninitialized): registered PHC clock
[    2.920948] e1000e 0000:00:1f.6 eth0: (PCI Express:2.5GT/s:Width x1) 54:e1:ad:61:6c:fe
[    2.920952] e1000e 0000:00:1f.6 eth0: Intel(R) PRO/1000 Network Connection
[    2.921047] e1000e 0000:00:1f.6 eth0: MAC: 12, PHY: 12, PBA No: 1000FF-0FF
[    2.922412] e1000e 0000:00:1f.6 enp0s31f6: renamed from eth0
[    3.053897] ata1: SATA link up 6.0 Gbps (SStatus 133 SControl 300)
[    3.055978] ata1.00: ACPI cmd ef/02:00:00:00:00:a0 (SET FEATURES) succeeded
[    3.055983] ata1.00: ACPI cmd f5/00:00:00:00:00:a0 (SECURITY FREEZE LOCK) filtered out
[    3.057189] ata1.00: supports DRM functions and may not be fully accessible
[    3.058062] ata1.00: ATA-9: SanDisk SD8TN8U512G1001, X4133101, max UDMA/133
[    3.058066] ata1.00: 1000215216 sectors, multi 1: LBA48 NCQ (depth 31/32), AA
[    3.061416] ata1.00: ACPI cmd ef/02:00:00:00:00:a0 (SET FEATURES) succeeded
[    3.061421] ata1.00: ACPI cmd f5/00:00:00:00:00:a0 (SECURITY FREEZE LOCK) filtered out
[    3.062621] ata1.00: supports DRM functions and may not be fully accessible
[    3.063876] usb 2-4: new SuperSpeed USB device number 2 using xhci_hcd
[    3.064362] ata1.00: configured for UDMA/133
[    3.065080] scsi 0:0:0:0: Direct-Access     ATA      SanDisk SD8TN8U5 3101 PQ: 0 ANSI: 5
[    3.087889] usb 2-4: New USB device found, idVendor=17ef, idProduct=305a
[    3.087893] usb 2-4: New USB device strings: Mfr=1, Product=2, SerialNumber=0
[    3.087895] usb 2-4: Product: Lenovo ThinkPad WS Dock
[    3.087897] usb 2-4: Manufacturer: LENOVO                 
[    3.091289] hub 2-4:1.0: USB hub found
[    3.091523] hub 2-4:1.0: 4 ports detected
[    3.106895] sd 0:0:0:0: [sda] 1000215216 512-byte logical blocks: (512 GB/477 GiB)
[    3.107227] sd 0:0:0:0: [sda] Write Protect is off
[    3.107234] sd 0:0:0:0: [sda] Mode Sense: 00 3a 00 00
[    3.107415] sd 0:0:0:0: [sda] Write cache: enabled, read cache: enabled, doesn't support DPO or FUA
[    3.109825]  sda: sda1 sda2 < sda5 >
[    3.112010] sd 0:0:0:0: [sda] Attached SCSI disk
[    3.171736] PM: Starting manual resume from disk
[    3.171741] PM: Hibernation image partition 8:5 present
[    3.171742] PM: Looking for hibernation image.
[    3.172200] PM: Image not found (code -22)
[    3.172202] PM: Hibernation image not present or could not be loaded.
[    3.211471] usb 1-4: new high-speed USB device number 2 using xhci_hcd
[    3.316441] random: fast init done
[    3.329563] EXT4-fs (sda1): mounted filesystem with ordered data mode. Opts: (null)
[    3.360111] usb 1-4: New USB device found, idVendor=17ef, idProduct=305a
[    3.360114] usb 1-4: New USB device strings: Mfr=1, Product=2, SerialNumber=0
[    3.360116] usb 1-4: Product: Lenovo ThinkPad WS Dock
[    3.360118] usb 1-4: Manufacturer: LENOVO                 
[    3.361056] hub 1-4:1.0: USB hub found
[    3.361857] hub 1-4:1.0: 4 ports detected
[    3.488246] psmouse serio1: synaptics: queried max coordinates: x [..5676], y [..4754]
[    3.491228] usb 1-8: new high-speed USB device number 3 using xhci_hcd
[    3.494310] ip_tables: (C) 2000-2006 Netfilter Core Team
[    3.509304] systemd[1]: systemd 232 running in system mode. (+PAM +AUDIT +SELINUX +IMA +APPARMOR +SMACK +SYSVINIT +UTMP +LIBCRYPTSETUP +GCRYPT +GNUTLS +ACL +XZ +LZ4 +SECCOMP +BLKID +ELFUTILS +KMOD +IDN)
[    3.509643] systemd[1]: Detected architecture x86-64.
[    3.509899] systemd[1]: Set hostname to <jjp-laptop>.
[    3.519522] psmouse serio1: synaptics: queried min coordinates: x [1266..], y [1100..]
[    3.579935] psmouse serio1: synaptics: Touchpad model: 1, fw: 8.2, id: 0x1e2b1, caps: 0xf402a3/0x940300/0x2e800/0x0, board id: 3149, fw id: 2022239
[    3.579944] psmouse serio1: synaptics: serio: Synaptics pass-through port at isa0060/serio1/input0
[    3.607674] clocksource: Switched to clocksource tsc
[    3.612456] systemd[1]: Started Forward Password Requests to Wall Directory Watch.
[    3.612563] systemd[1]: Listening on Syslog Socket.
[    3.612632] systemd[1]: Listening on udev Control Socket.
[    3.613009] systemd[1]: Set up automount Arbitrary Executable File Formats File System Automount Point.
[    3.613139] systemd[1]: Listening on Journal Audit Socket.
[    3.613204] systemd[1]: Listening on /dev/initctl Compatibility Named Pipe.
[    3.613258] systemd[1]: Listening on udev Kernel Socket.
[    3.618672] input: SynPS/2 Synaptics TouchPad as /devices/platform/i8042/serio1/input/input2
[    3.636276] EXT4-fs (sda1): re-mounted. Opts: errors=remount-ro
[    3.636831] lp: driver loaded but no devices found
[    3.639270] ppdev: user-space parallel port driver
[    3.653140] systemd-journald[243]: Received request to flush runtime journal from PID 1
[    3.681460] usb 1-8: New USB device found, idVendor=04f2, idProduct=b52c
[    3.681462] usb 1-8: New USB device strings: Mfr=3, Product=1, SerialNumber=2
[    3.681462] usb 1-8: Product: Integrated Camera
[    3.681463] usb 1-8: Manufacturer: Chicony Electronics Co.,Ltd.
[    3.681464] usb 1-8: SerialNumber: 0001
[    3.707413] nvidia: loading out-of-tree module taints kernel.
[    3.707417] nvidia: module license 'NVIDIA' taints kernel.
[    3.707417] Disabling lock debugging due to kernel taint
[    3.711850] usb 2-4.1: new SuperSpeed USB device number 3 using xhci_hcd
[    3.713375] vgaarb: device changed decodes: PCI:0000:01:00.0,olddecodes=io+mem,decodes=none:owns=io+mem
[    3.713430] nvidia-nvlink: Nvlink Core is being initialized, major device number 247
[    3.713439] NVRM: loading NVIDIA UNIX x86_64 Kernel Module  375.82  Wed Jul 19 21:16:49 PDT 2017 (using threaded interrupts)
[    3.725169] nvidia-modeset: Loading NVIDIA Kernel Mode Setting Driver for UNIX platforms  375.82  Wed Jul 19 20:35:11 PDT 2017
[    3.739840] [drm] Initialized
[    3.744967] usb 2-4.1: New USB device found, idVendor=0bda, idProduct=0411
[    3.744971] usb 2-4.1: New USB device strings: Mfr=1, Product=2, SerialNumber=0
[    3.744973] usb 2-4.1: Product: 4-Port USB 3.0 Hub
[    3.744975] usb 2-4.1: Manufacturer: Generic
[    3.757610] hub 2-4.1:1.0: USB hub found
[    3.758984] hub 2-4.1:1.0: 4 ports detected
[    3.762342] [drm] [nvidia-drm] [GPU ID 0x00000100] Loading driver
[    3.806059] input: Lid Switch as /devices/LNXSYSTM:00/LNXSYBUS:00/PNP0C0D:00/input/input4
[    3.806279] ACPI: Lid Switch [LID]
[    3.806329] input: Sleep Button as /devices/LNXSYSTM:00/LNXSYBUS:00/PNP0C0E:00/input/input5
[    3.806360] ACPI: Sleep Button [SLPB]
[    3.806428] input: Power Button as /devices/LNXSYSTM:00/LNXPWRBN:00/input/input6
[    3.806456] ACPI: Power Button [PWRF]
[    3.807802] [Firmware Bug]: ACPI(PEGP) defines _DOD but not _DOS
[    3.807825] ACPI: Video Device [PEGP] (multi-head: yes  rom: yes  post: no)
[    3.808082] input: Video Bus as /devices/LNXSYSTM:00/LNXSYBUS:00/PNP0A08:00/device:01/LNXVIDEO:00/input/input7
[    3.811552] mei_me 0000:00:16.0: enabling device (0000 -> 0002)
[    3.816777] shpchp: Standard Hot Plug PCI Controller Driver version: 0.4
[    3.824451] Non-volatile memory driver v1.3
[    3.824533] wmi: Mapper loaded
[    3.827080] thinkpad_acpi: ThinkPad ACPI Extras v0.25
[    3.827080] thinkpad_acpi: http://ibm-acpi.sf.net/
[    3.827081] thinkpad_acpi: ThinkPad BIOS N1EET69W (1.42 ), EC unknown
[    3.827081] thinkpad_acpi: Lenovo ThinkPad P50, model 20EN0007MD
[    3.827242] usb 1-4.1: new high-speed USB device number 4 using xhci_hcd
[    3.830706] thinkpad_acpi: radio switch found; radios are enabled
[    3.832838] ACPI: Battery Slot [BAT0] (battery present)
[    3.833037] ACPI: AC Adapter [AC] (on-line)
[    3.834118] thinkpad_acpi: rfkill switch tpacpi_bluetooth_sw: radio is unblocked
[    3.849709] input: ThinkPad Extra Buttons as /devices/platform/thinkpad_acpi/input/input8
[    3.899503] iTCO_vendor_support: vendor-support=0
[    3.899721] input: PC Speaker as /devices/platform/pcspkr/input/input9
[    3.899989] iTCO_wdt: Intel TCO WatchDog Timer Driver v1.11
[    3.900125] iTCO_wdt: Found a Intel PCH TCO device (Version=4, TCOBASE=0x0400)
[    3.900235] iTCO_wdt: initialized. heartbeat=30 sec (nowayout=0)
[    3.900901] sd 0:0:0:0: Attached scsi generic sg0 type 0
[    3.900946] RAPL PMU: API unit is 2^-32 Joules, 5 fixed counters, 655360 ms ovfl timer
[    3.900947] RAPL PMU: hw unit of domain pp0-core 2^-14 Joules
[    3.900947] RAPL PMU: hw unit of domain package 2^-14 Joules
[    3.900947] RAPL PMU: hw unit of domain dram 2^-14 Joules
[    3.900948] RAPL PMU: hw unit of domain pp1-gpu 2^-14 Joules
[    3.900948] RAPL PMU: hw unit of domain psys 2^-14 Joules
[    3.902503] resource sanity check: requesting [mem 0xfed10000-0xfed15fff], which spans more than pnp 00:01 [mem 0xfed10000-0xfed13fff]
[    3.902507] caller snb_uncore_imc_init_box+0x74/0xb0 [intel_uncore] mapping multiple BARs
[    3.913192] snd_hda_intel 0000:01:00.1: enabling device (0000 -> 0002)
[    3.913218] snd_hda_intel 0000:01:00.1: Disabling MSI
[    3.913221] snd_hda_intel 0000:01:00.1: Handle vga_switcheroo audio client
[    3.914087] Intel(R) Wireless WiFi driver for Linux
[    3.914087] Copyright(c) 2003- 2015 Intel Corporation
[    3.917097] iwlwifi 0000:04:00.0: firmware: failed to load iwlwifi-8000C-26.ucode (-2)
[    3.917204] iwlwifi 0000:04:00.0: Direct firmware load for iwlwifi-8000C-26.ucode failed with error -2
[    3.917213] iwlwifi 0000:04:00.0: firmware: failed to load iwlwifi-8000C-25.ucode (-2)
[    3.917351] iwlwifi 0000:04:00.0: Direct firmware load for iwlwifi-8000C-25.ucode failed with error -2
[    3.917357] iwlwifi 0000:04:00.0: firmware: failed to load iwlwifi-8000C-24.ucode (-2)
[    3.917477] iwlwifi 0000:04:00.0: Direct firmware load for iwlwifi-8000C-24.ucode failed with error -2
[    3.917481] iwlwifi 0000:04:00.0: firmware: failed to load iwlwifi-8000C-23.ucode (-2)
[    3.917586] iwlwifi 0000:04:00.0: Direct firmware load for iwlwifi-8000C-23.ucode failed with error -2
[    3.925928] snd_hda_codec_realtek hdaudioC0D0: autoconfig for ALC298: line_outs=1 (0x14/0x0/0x0/0x0/0x0) type:speaker
[    3.925929] snd_hda_codec_realtek hdaudioC0D0:    speaker_outs=0 (0x0/0x0/0x0/0x0/0x0)
[    3.925930] snd_hda_codec_realtek hdaudioC0D0:    hp_outs=1 (0x21/0x0/0x0/0x0/0x0)
[    3.925931] snd_hda_codec_realtek hdaudioC0D0:    mono: mono_out=0x0
[    3.925931] snd_hda_codec_realtek hdaudioC0D0:    inputs:
[    3.925932] snd_hda_codec_realtek hdaudioC0D0:      Mic=0x18
[    3.925933] snd_hda_codec_realtek hdaudioC0D0:      Internal Mic=0x12
[    3.928201] iwlwifi 0000:04:00.0: firmware: direct-loading firmware iwlwifi-8000C-22.ucode
[    3.928556] iwlwifi 0000:04:00.0: loaded firmware version 22.361476.0 op_mode iwlmvm
[    3.952440] input: HDA Digital PCBeep as /devices/pci0000:00/0000:00:1f.3/sound/card0/input10
[    3.953226] input: HDA Intel PCH Mic as /devices/pci0000:00/0000:00:1f.3/sound/card0/input11
[    3.953269] input: HDA Intel PCH Headphone as /devices/pci0000:00/0000:00:1f.3/sound/card0/input12
[    3.954004] usb 1-4.1: New USB device found, idVendor=0bda, idProduct=5411
[    3.954005] usb 1-4.1: New USB device strings: Mfr=1, Product=2, SerialNumber=0
[    3.954006] usb 1-4.1: Product: 4-Port USB 2.0 Hub
[    3.954007] usb 1-4.1: Manufacturer: Generic
[    3.955035] hub 1-4.1:1.0: USB hub found
[    3.956229] hub 1-4.1:1.0: 4 ports detected
[    3.959409] iwlwifi 0000:04:00.0: Detected Intel(R) Dual Band Wireless AC 8260, REV=0x208
[    3.960090] Adding 16107516k swap on /dev/sda5.  Priority:-1 extents:1 across:16107516k SSFS
[    3.961825] iwlwifi 0000:04:00.0: L1 Enabled - LTR Enabled
[    3.962744] iwlwifi 0000:04:00.0: L1 Enabled - LTR Enabled
[    4.032452] intel_rapl: Found RAPL domain package
[    4.032455] intel_rapl: Found RAPL domain core
[    4.032459] intel_rapl: Found RAPL domain dram
[    4.067228] usb 1-9: new full-speed USB device number 5 using xhci_hcd
[    4.113868] ieee80211 phy0: Selected rate control algorithm 'iwl-mvm-rs'
[    4.114547] thermal thermal_zone2: failed to read out thermal zone (-5)
[    4.121971] iwlwifi 0000:04:00.0 wlp4s0: renamed from wlan0
[    4.216519] usb 1-9: New USB device found, idVendor=138a, idProduct=0090
[    4.216522] usb 1-9: New USB device strings: Mfr=0, Product=0, SerialNumber=1
[    4.216524] usb 1-9: SerialNumber: 4b9980ed5486
[    4.253352] psmouse serio2: trackpoint: IBM TrackPoint firmware: 0x0e, buttons: 3/3
[    4.299432] usb 2-4.4: new SuperSpeed USB device number 4 using xhci_hcd
[    4.322111] usb 2-4.4: New USB device found, idVendor=17ef, idProduct=305b
[    4.322113] usb 2-4.4: New USB device strings: Mfr=1, Product=2, SerialNumber=0
[    4.322115] usb 2-4.4: Product: Lenovo ThinkPad WS Dock
[    4.322117] usb 2-4.4: Manufacturer: LENOVO                 
[    4.324721] hub 2-4.4:1.0: USB hub found
[    4.324928] hub 2-4.4:1.0: 4 ports detected
[    4.419229] usb 1-4.4: new high-speed USB device number 6 using xhci_hcd
[    4.448050] input: TPPS/2 IBM TrackPoint as /devices/platform/i8042/serio1/serio2/input/input3
[    4.457505] IPv6: ADDRCONF(NETDEV_UP): enp0s31f6: link is not ready
[    4.536923] usb 1-4.4: New USB device found, idVendor=17ef, idProduct=305b
[    4.536928] usb 1-4.4: New USB device strings: Mfr=1, Product=2, SerialNumber=0
[    4.536931] usb 1-4.4: Product: Lenovo ThinkPad WS Dock
[    4.536933] usb 1-4.4: Manufacturer: LENOVO                 
[    4.537920] hub 1-4.4:1.0: USB hub found
[    4.538749] hub 1-4.4:1.0: 4 ports detected
[    4.655300] usb 1-11: new full-speed USB device number 7 using xhci_hcd
[    4.656588] input: HDA NVidia HDMI/DP,pcm=3 as /devices/pci0000:00/0000:00:01.0/0000:01:00.1/sound/card1/input13
[    4.656747] input: HDA NVidia HDMI/DP,pcm=7 as /devices/pci0000:00/0000:00:01.0/0000:01:00.1/sound/card1/input14
[    4.656875] input: HDA NVidia HDMI/DP,pcm=8 as /devices/pci0000:00/0000:00:01.0/0000:01:00.1/sound/card1/input15
[    4.671565] IPv6: ADDRCONF(NETDEV_UP): enp0s31f6: link is not ready
[    4.678363] IPv6: ADDRCONF(NETDEV_UP): wlp4s0: link is not ready
[    4.680827] iwlwifi 0000:04:00.0: L1 Enabled - LTR Enabled
[    4.681231] iwlwifi 0000:04:00.0: L1 Enabled - LTR Enabled
[    4.806766] usb 1-11: New USB device found, idVendor=058f, idProduct=9540
[    4.806770] usb 1-11: New USB device strings: Mfr=1, Product=2, SerialNumber=0
[    4.806773] usb 1-11: Product: EMV Smartcard Reader
[    4.806775] usb 1-11: Manufacturer: Generic
[    4.810573] iwlwifi 0000:04:00.0: L1 Enabled - LTR Enabled
[    4.811047] iwlwifi 0000:04:00.0: L1 Enabled - LTR Enabled
[    4.887372] usb 1-4.4.1: new full-speed USB device number 8 using xhci_hcd
[    4.905202] IPv6: ADDRCONF(NETDEV_UP): wlp4s0: link is not ready
[    4.916889] iwlwifi 0000:04:00.0: L1 Enabled - LTR Enabled
[    4.918038] iwlwifi 0000:04:00.0: L1 Enabled - LTR Enabled
[    5.003500] usb 1-4.4.1: New USB device found, idVendor=046d, idProduct=c52b
[    5.003504] usb 1-4.4.1: New USB device strings: Mfr=1, Product=2, SerialNumber=0
[    5.003507] usb 1-4.4.1: Product: USB Receiver
[    5.003509] usb 1-4.4.1: Manufacturer: Logitech
[    5.047522] iwlwifi 0000:04:00.0: L1 Enabled - LTR Enabled
[    5.047996] iwlwifi 0000:04:00.0: L1 Enabled - LTR Enabled
[    5.119443] usb 1-13: new low-speed USB device number 9 using xhci_hcd
[    5.143241] IPv6: ADDRCONF(NETDEV_UP): wlp4s0: link is not ready
[    5.252762] IPv6: ADDRCONF(NETDEV_UP): wlp4s0: link is not ready
[    5.266633] usb 1-13: New USB device found, idVendor=0765, idProduct=5010
[    5.266636] usb 1-13: New USB device strings: Mfr=0, Product=0, SerialNumber=0
[    5.355440] usb 1-4.4.2: new full-speed USB device number 10 using xhci_hcd
[    5.475891] usb 1-4.4.2: New USB device found, idVendor=046d, idProduct=c52b
[    5.475896] usb 1-4.4.2: New USB device strings: Mfr=1, Product=2, SerialNumber=0
[    5.475899] usb 1-4.4.2: Product: USB Receiver
[    5.475901] usb 1-4.4.2: Manufacturer: Logitech
[    5.591310] usb 1-14: new full-speed USB device number 11 using xhci_hcd
[    5.733265] usb 1-14: New USB device found, idVendor=8087, idProduct=0a2b
[    5.733270] usb 1-14: New USB device strings: Mfr=0, Product=0, SerialNumber=0
[    5.768221] hidraw: raw HID events driver (C) Jiri Kosina
[    5.770419] Bluetooth: Core ver 2.22
[    5.770431] NET: Registered protocol family 31
[    5.770431] Bluetooth: HCI device and connection manager initialized
[    5.770433] Bluetooth: HCI socket layer initialized
[    5.770435] Bluetooth: L2CAP socket layer initialized
[    5.770438] Bluetooth: SCO socket layer initialized
[    5.774363] usbcore: registered new interface driver btusb
[    5.774626] media: Linux media interface: v0.10
[    5.775218] Bluetooth: hci0: Bootloader revision 0.0 build 2 week 52 2014
[    5.777641] Linux video capture interface: v2.00
[    5.779372] usbcore: registered new interface driver usbhid
[    5.779373] usbhid: USB HID core driver
[    5.782197] Bluetooth: hci0: Device revision is 5
[    5.782198] Bluetooth: hci0: Secure boot is enabled
[    5.782198] Bluetooth: hci0: OTP lock is enabled
[    5.782199] Bluetooth: hci0: API lock is enabled
[    5.782199] Bluetooth: hci0: Debug lock is disabled
[    5.782200] Bluetooth: hci0: Minimum firmware build 1 week 10 2014
[    5.782749] uvcvideo: Found UVC 1.00 device Integrated Camera (04f2:b52c)
[    5.783746] hid-generic 0003:0765:5010.0004: hiddev0,hidraw0: USB HID v1.11 Device [HID 0765:5010] on usb-0000:00:14.0-13/input0
[    5.783922] logitech-djreceiver 0003:046D:C52B.0003: hiddev0,hidraw1: USB HID v1.11 Device [Logitech USB Receiver] on usb-0000:00:14.0-4.4.1/input2
[    5.785223] uvcvideo: Failed to initialize entity for entity 6
[    5.785223] uvcvideo: Failed to register entites (-22).
[    5.785279] input: Integrated Camera as /devices/pci0000:00/0000:00:14.0/usb1/1-8/1-8:1.0/input/input16
[    5.785331] usbcore: registered new interface driver uvcvideo
[    5.785332] USB Video Class driver (1.1.1)
[    5.785850] bluetooth hci0: firmware: direct-loading firmware intel/ibt-11-5.sfi
[    5.785852] Bluetooth: hci0: Found device firmware: intel/ibt-11-5.sfi
[    5.797217] Bluetooth: BNEP (Ethernet Emulation) ver 1.3
[    5.797218] Bluetooth: BNEP filters: protocol multicast
[    5.797220] Bluetooth: BNEP socket layer initialized
[    5.908911] logitech-djreceiver 0003:046D:C52B.0007: hiddev0,hidraw2: USB HID v1.11 Device [Logitech USB Receiver] on usb-0000:00:14.0-4.4.2/input2
[    6.036558] input: Logitech M705 as /devices/pci0000:00/0000:00:14.0/usb1/1-4/1-4.4/1-4.4.1/1-4.4.1:1.2/0003:046D:C52B.0003/0003:046D:101B.0008/input/input17
[    6.037134] logitech-hidpp-device 0003:046D:101B.0008: input,hidraw3: USB HID v1.11 Mouse [Logitech M705] on usb-0000:00:14.0-4.4.1:1
[    6.042691] input: Logitech K800 as /devices/pci0000:00/0000:00:14.0/usb1/1-4/1-4.4/1-4.4.2/1-4.4.2:1.2/0003:046D:C52B.0007/0003:046D:2010.0009/input/input18
[    6.043177] logitech-hidpp-device 0003:046D:2010.0009: input,hidraw4: USB HID v1.11 Keyboard [Logitech K800] on usb-0000:00:14.0-4.4.2:1
[    7.637924] e1000e: enp0s31f6 NIC Link is Up 1000 Mbps Full Duplex, Flow Control: None
[    7.637990] IPv6: ADDRCONF(NETDEV_CHANGE): enp0s31f6: link becomes ready
[    7.697992] Bluetooth: hci0: Waiting for firmware download to complete
[    7.698214] Bluetooth: hci0: Firmware loaded in 1878765 usecs
[    7.698301] Bluetooth: hci0: Waiting for device to boot
[    7.709282] Bluetooth: hci0: Device booted in 10753 usecs
[    7.709703] bluetooth hci0: firmware: direct-loading firmware intel/ibt-11-5.ddc
[    7.709708] Bluetooth: hci0: Found Intel DDC parameters: intel/ibt-11-5.ddc
[    7.713453] Bluetooth: hci0: Applying Intel DDC parameters completed
[   13.047892] FS-Cache: Loaded
[   13.048722] Key type dns_resolver registered
[   13.118140] FS-Cache: Netfs 'cifs' registered for caching
[   13.118258] Key type cifs.spnego registered
[   13.118262] Key type cifs.idmap registered
[   13.742827] bridge: filtering via arp/ip/ip6tables is no longer available by default. Update your scripts to load br_netfilter if you need this.
[   13.743500] Bridge firewalling registered
[   13.747349] nf_conntrack version 0.5.0 (65536 buckets, 262144 max)
[   13.794960] Initializing XFRM netlink socket
[   13.798594] Netfilter messages via NETLINK v0.30.
[   13.799434] ctnetlink v0.93: registering with nfnetlink.
[   13.828201] IPv6: ADDRCONF(NETDEV_UP): docker0: link is not ready
[   15.932862] vboxdrv: Found 8 processor cores
[   15.951446] vboxdrv: TSC mode is Invariant, tentative frequency 2711999046 Hz
[   15.951446] vboxdrv: Successfully loaded version 5.1.30_Debian (interface 0x002a0000)
[   15.956129] VBoxNetFlt: Successfully started.
[   15.959966] VBoxNetAdp: Successfully started.
[   15.964167] VBoxPciLinuxInit
[   15.965194] vboxpci: IOMMU not found (not registered)
[   15.982098] random: crng init done
[   16.075333] ACPI Warning: \_SB.PCI0.PEG0.PEGP._DSM: Argument #4 type mismatch - Found [Buffer], ACPI requires [Package] (20160831/nsarguments-95)
[   16.075534] ACPI Warning: \_SB.PCI0.PEG0.PEGP._DSM: Argument #4 type mismatch - Found [Buffer], ACPI requires [Package] (20160831/nsarguments-95)
[   16.075693] ACPI Warning: \_SB.PCI0.PEG0.PEGP._DSM: Argument #4 type mismatch - Found [Buffer], ACPI requires [Package] (20160831/nsarguments-95)
[   16.075853] ACPI Warning: \_SB.PCI0.PEG0.PEGP._DSM: Argument #4 type mismatch - Found [Buffer], ACPI requires [Package] (20160831/nsarguments-95)
[   16.076013] ACPI Warning: \_SB.PCI0.PEG0.PEGP._DSM: Argument #4 type mismatch - Found [Buffer], ACPI requires [Package] (20160831/nsarguments-95)
[   16.076224] ACPI Warning: \_SB.PCI0.PEG0.PEGP._DSM: Argument #4 type mismatch - Found [Buffer], ACPI requires [Package] (20160831/nsarguments-95)
[   16.076375] ACPI Warning: \_SB.PCI0.PEG0.PEGP._DSM: Argument #4 type mismatch - Found [Buffer], ACPI requires [Package] (20160831/nsarguments-95)
[   16.226709] ACPI Warning: \_SB.PCI0.PEG0.PEGP._DSM: Argument #4 type mismatch - Found [Buffer], ACPI requires [Package] (20160831/nsarguments-95)
[   16.378400] ACPI Warning: \_SB.PCI0.PEG0.PEGP._DSM: Argument #4 type mismatch - Found [Buffer], ACPI requires [Package] (20160831/nsarguments-95)
[   16.693681] nvidia-modeset: Allocated GPU:0 (GPU-440fb03d-6fa2-6989-fede-a8be66692ffc) @ PCI:0000:01:00.0
[   16.696521] ACPI Warning: \_SB.PCI0.PEG0.PEGP._DSM: Argument #4 type mismatch - Found [Buffer], ACPI requires [Package] (20160831/nsarguments-95)
[   16.696615] ACPI Warning: \_SB.PCI0.PEG0.PEGP._DSM: Argument #4 type mismatch - Found [Buffer], ACPI requires [Package] (20160831/nsarguments-95)
[   16.696721] ACPI Warning: \_SB.PCI0.PEG0.PEGP._DSM: Argument #4 type mismatch - Found [Buffer], ACPI requires [Package] (20160831/nsarguments-95)
[   16.696783] ACPI Warning: \_SB.PCI0.PEG0.PEGP._DSM: Argument #4 type mismatch - Found [Buffer], ACPI requires [Package] (20160831/nsarguments-95)
[   18.915005] fuse init (API version 7.26)
[  350.050584] IPv6: ADDRCONF(NETDEV_UP): wlp4s0: link is not ready
[  560.126053] docker0: port 1(vethb2c4e0b) entered blocking state
[  560.126055] docker0: port 1(vethb2c4e0b) entered disabled state
[  560.126200] device vethb2c4e0b entered promiscuous mode
[  560.126377] IPv6: ADDRCONF(NETDEV_UP): vethb2c4e0b: link is not ready
[  560.126381] docker0: port 1(vethb2c4e0b) entered blocking state
[  560.126383] docker0: port 1(vethb2c4e0b) entered forwarding state
[  560.127135] docker0: port 1(vethb2c4e0b) entered disabled state
[  560.349311] eth0: renamed from veth1a61a70
[  560.369451] IPv6: ADDRCONF(NETDEV_CHANGE): vethb2c4e0b: link becomes ready
[  560.369534] docker0: port 1(vethb2c4e0b) entered blocking state
[  560.369537] docker0: port 1(vethb2c4e0b) entered forwarding state
[  560.369671] IPv6: ADDRCONF(NETDEV_CHANGE): docker0: link becomes ready
[  576.693710] docker0: port 1(vethb2c4e0b) entered disabled state
[  576.693798] veth1a61a70: renamed from eth0
[  576.759300] docker0: port 1(vethb2c4e0b) entered disabled state
[  576.763174] device vethb2c4e0b left promiscuous mode
[  576.763177] docker0: port 1(vethb2c4e0b) entered disabled state
[  665.046958] IPv6: ADDRCONF(NETDEV_UP): wlp4s0: link is not ready
[  980.048138] IPv6: ADDRCONF(NETDEV_UP): wlp4s0: link is not ready
[ 1295.049888] IPv6: ADDRCONF(NETDEV_UP): wlp4s0: link is not ready
[ 1610.054060] IPv6: ADDRCONF(NETDEV_UP): wlp4s0: link is not ready
[ 1821.711686] docker0: port 1(vethc4f583e) entered blocking state
[ 1821.711687] docker0: port 1(vethc4f583e) entered disabled state
[ 1821.711752] device vethc4f583e entered promiscuous mode
[ 1821.711819] IPv6: ADDRCONF(NETDEV_UP): vethc4f583e: link is not ready
[ 1821.880971] eth0: renamed from vethb138e7d
[ 1821.908774] IPv6: ADDRCONF(NETDEV_CHANGE): vethc4f583e: link becomes ready
[ 1821.908864] docker0: port 1(vethc4f583e) entered blocking state
[ 1821.908867] docker0: port 1(vethc4f583e) entered forwarding state
[ 1831.687317] docker0: port 1(vethc4f583e) entered disabled state
[ 1831.687393] vethb138e7d: renamed from eth0
[ 1831.745612] docker0: port 1(vethc4f583e) entered disabled state
[ 1831.749296] device vethc4f583e left promiscuous mode
[ 1831.749299] docker0: port 1(vethc4f583e) entered disabled state
[ 1880.041220] docker0: port 1(vethf60ed89) entered blocking state
[ 1880.041223] docker0: port 1(vethf60ed89) entered disabled state
[ 1880.041513] device vethf60ed89 entered promiscuous mode
[ 1880.044555] IPv6: ADDRCONF(NETDEV_UP): vethf60ed89: link is not ready
[ 1880.216649] eth0: renamed from veth7f3209c
[ 1880.236825] IPv6: ADDRCONF(NETDEV_CHANGE): vethf60ed89: link becomes ready
[ 1880.236883] docker0: port 1(vethf60ed89) entered blocking state
[ 1880.236884] docker0: port 1(vethf60ed89) entered forwarding state
[ 1894.497237] docker0: port 1(vethf60ed89) entered disabled state
[ 1894.497330] veth7f3209c: renamed from eth0
[ 1894.553176] docker0: port 1(vethf60ed89) entered disabled state
[ 1894.556763] device vethf60ed89 left promiscuous mode
[ 1894.556766] docker0: port 1(vethf60ed89) entered disabled state
[ 1896.276624] docker0: port 1(veth579d89e) entered blocking state
[ 1896.276626] docker0: port 1(veth579d89e) entered disabled state
[ 1896.276778] device veth579d89e entered promiscuous mode
[ 1896.276991] IPv6: ADDRCONF(NETDEV_UP): veth579d89e: link is not ready
[ 1896.276996] docker0: port 1(veth579d89e) entered blocking state
[ 1896.276998] docker0: port 1(veth579d89e) entered forwarding state
[ 1896.277136] docker0: port 1(veth579d89e) entered disabled state
[ 1896.469026] eth0: renamed from veth01bb9ad
[ 1896.492850] IPv6: ADDRCONF(NETDEV_CHANGE): veth579d89e: link becomes ready
[ 1896.492917] docker0: port 1(veth579d89e) entered blocking state
[ 1896.492920] docker0: port 1(veth579d89e) entered forwarding state
[ 1897.041848] docker0: port 1(veth579d89e) entered disabled state
[ 1897.041987] veth01bb9ad: renamed from eth0
[ 1897.102192] docker0: port 1(veth579d89e) entered disabled state
[ 1897.107334] device veth579d89e left promiscuous mode
[ 1897.107338] docker0: port 1(veth579d89e) entered disabled state
[ 1925.049536] IPv6: ADDRCONF(NETDEV_UP): wlp4s0: link is not ready
[ 2240.048908] IPv6: ADDRCONF(NETDEV_UP): wlp4s0: link is not ready
[ 2555.053689] IPv6: ADDRCONF(NETDEV_UP): wlp4s0: link is not ready
[ 2870.055144] IPv6: ADDRCONF(NETDEV_UP): wlp4s0: link is not ready
[ 3185.054755] IPv6: ADDRCONF(NETDEV_UP): wlp4s0: link is not ready
[ 3462.521679] docker0: port 1(veth7b9ba95) entered blocking state
[ 3462.521681] docker0: port 1(veth7b9ba95) entered disabled state
[ 3462.521973] device veth7b9ba95 entered promiscuous mode
[ 3462.522306] IPv6: ADDRCONF(NETDEV_UP): veth7b9ba95: link is not ready
[ 3462.689728] eth0: renamed from veth86cd7b0
[ 3462.713383] IPv6: ADDRCONF(NETDEV_CHANGE): veth7b9ba95: link becomes ready
[ 3462.713551] docker0: port 1(veth7b9ba95) entered blocking state
[ 3462.713554] docker0: port 1(veth7b9ba95) entered forwarding state
[ 3463.941633] docker0: port 1(veth7b9ba95) entered disabled state
[ 3463.941754] veth86cd7b0: renamed from eth0
[ 3463.998151] docker0: port 1(veth7b9ba95) entered disabled state
[ 3464.003115] device veth7b9ba95 left promiscuous mode
[ 3464.003119] docker0: port 1(veth7b9ba95) entered disabled state
[ 3484.069573] docker0: port 1(vethd91a637) entered blocking state
[ 3484.069576] docker0: port 1(vethd91a637) entered disabled state
[ 3484.069843] device vethd91a637 entered promiscuous mode
[ 3484.070230] IPv6: ADDRCONF(NETDEV_UP): vethd91a637: link is not ready
[ 3484.221607] eth0: renamed from vethf585159
[ 3484.245587] IPv6: ADDRCONF(NETDEV_CHANGE): vethd91a637: link becomes ready
[ 3484.245743] docker0: port 1(vethd91a637) entered blocking state
[ 3484.245746] docker0: port 1(vethd91a637) entered forwarding state
[ 3486.807776] docker0: port 1(vethd91a637) entered disabled state
[ 3486.807919] vethf585159: renamed from eth0
[ 3486.898165] docker0: port 1(vethd91a637) entered disabled state
[ 3486.903433] device vethd91a637 left promiscuous mode
[ 3486.903437] docker0: port 1(vethd91a637) entered disabled state
[ 3500.059958] IPv6: ADDRCONF(NETDEV_UP): wlp4s0: link is not ready
[ 3815.059945] IPv6: ADDRCONF(NETDEV_UP): wlp4s0: link is not ready
[ 4130.056854] IPv6: ADDRCONF(NETDEV_UP): wlp4s0: link is not ready
[ 4445.062707] IPv6: ADDRCONF(NETDEV_UP): wlp4s0: link is not ready
[ 4760.056197] IPv6: ADDRCONF(NETDEV_UP): wlp4s0: link is not ready
[ 5075.064336] IPv6: ADDRCONF(NETDEV_UP): wlp4s0: link is not ready
[ 5390.061466] IPv6: ADDRCONF(NETDEV_UP): wlp4s0: link is not ready
[ 5705.063488] IPv6: ADDRCONF(NETDEV_UP): wlp4s0: link is not ready
